// Jest Snapshot v1, https://goo.gl/fbAQLP

exports[`Testing al Cliente Es Juan Pablo 1`] = `"Daniel"`;
